		<div class="wrap">
			<h1>
				Integration Test Title			</h1>
			<div id="shepherd-app"></div>
		</div>
		