		<div class="wrap">
			<h1>
				Shepherd Task Manager (via foobar)			</h1>
			<div id="shepherd-app"></div>
		</div>
		