[
    {
        "id": 9567498,
        "task_id": 9567494,
        "date": {
            "date": "2025-06-13 17:25:00.000000",
            "timezone_type": 3,
            "timezone": "UTC"
        },
        "level": "info",
        "type": "created",
        "entry": "{\"message\":\"Task 9567494 created.\",\"context\":{\"class\":\"StellarWP\\\\Pigeon\\\\Tests\\\\Tasks\\\\Retryable_Do_Action_Task\",\"args\":[],\"action_id\":86742,\"current_try\":1}}"
    },
    {
        "id": 9567499,
        "task_id": 9567494,
        "date": {
            "date": "2025-06-13 17:25:00.000000",
            "timezone_type": 3,
            "timezone": "UTC"
        },
        "level": "info",
        "type": "started",
        "entry": "{\"message\":\"Task 9567494 starting.\",\"context\":{\"class\":\"StellarWP\\\\Pigeon\\\\Tests\\\\Tasks\\\\Retryable_Do_Action_Task\",\"args\":[],\"action_id\":86742,\"current_try\":1}}"
    },
    {
        "id": 9567500,
        "task_id": 9567494,
        "date": {
            "date": "2025-06-13 17:25:00.000000",
            "timezone_type": 3,
            "timezone": "UTC"
        },
        "level": "notice",
        "type": "rescheduled",
        "entry": "{\"message\":\"Task 9567494 rescheduled.\",\"context\":{\"class\":\"StellarWP\\\\Pigeon\\\\Tests\\\\Tasks\\\\Retryable_Do_Action_Task\",\"args\":[],\"action_id\":86743,\"current_try\":2,\"previous_action_id\":86742}}"
    },
    {
        "id": 9567501,
        "task_id": 9567494,
        "date": {
            "date": "2025-06-13 17:25:00.000000",
            "timezone_type": 3,
            "timezone": "UTC"
        },
        "level": "info",
        "type": "retrying",
        "entry": "{\"message\":\"Task 9567494 retrying.\",\"context\":{\"class\":\"StellarWP\\\\Pigeon\\\\Tests\\\\Tasks\\\\Retryable_Do_Action_Task\",\"args\":[],\"action_id\":86743,\"current_try\":2}}"
    },
    {
        "id": 9567502,
        "task_id": 9567494,
        "date": {
            "date": "2025-06-13 17:25:00.000000",
            "timezone_type": 3,
            "timezone": "UTC"
        },
        "level": "error",
        "type": "failed",
        "entry": "{\"message\":\"Task 9567494 failed.\",\"context\":{\"class\":\"StellarWP\\\\Pigeon\\\\Tests\\\\Tasks\\\\Retryable_Do_Action_Task\",\"args\":[],\"action_id\":86743,\"current_try\":2,\"exception\":\"Mock Action failure\"}}"
    }
]