		<div class="wrap">
			<h1>
				Custom Unit Test Title			</h1>
			<div id="shepherd-app"></div>
		</div>
		