		<div class="wrap">
			<h1>
				Pigeon Task Manager (via foobar)			</h1>
			<div id="shepherd-app"></div>
		</div>
		