		<div class="wrap">
			<h1>
							</h1>
			<div id="shepherd-app"></div>
		</div>
		