[
    {
        "id": {LOG_ID_1},
        "task_id": {TASK_ID},
        "date": {
            "date": "2025-06-13 17:25:00.000000",
            "timezone_type": 3,
            "timezone": "UTC"
        },
        "level": "info",
        "type": "created",
        "entry": "{\"message\":\"Task {TASK_ID} created.\",\"context\":{\"class\":\"StellarWP\\\\Pigeon\\\\Tasks\\\\Email\",\"args\":[\"test@test.com\",\"subject\",\"body\",[],[]],\"action_id\":{ACTION_ID_1},\"current_try\":0}}"
    },
    {
        "id": {LOG_ID_2},
        "task_id": {TASK_ID},
        "date": {
            "date": "2025-06-13 17:25:00.000000",
            "timezone_type": 3,
            "timezone": "UTC"
        },
        "level": "info",
        "type": "started",
        "entry": "{\"message\":\"Task {TASK_ID} starting.\",\"context\":{\"class\":\"StellarWP\\\\Pigeon\\\\Tasks\\\\Email\",\"args\":[\"test@test.com\",\"subject\",\"body\",[],[]],\"action_id\":{ACTION_ID_1},\"current_try\":0}}"
    },
    {
        "id": {LOG_ID_3},
        "task_id": {TASK_ID},
        "date": {
            "date": "2025-06-13 17:25:00.000000",
            "timezone_type": 3,
            "timezone": "UTC"
        },
        "level": "notice",
        "type": "rescheduled",
        "entry": "{\"message\":\"Task {TASK_ID} rescheduled.\",\"context\":{\"class\":\"StellarWP\\\\Pigeon\\\\Tasks\\\\Email\",\"args\":[\"test@test.com\",\"subject\",\"body\",[],[]],\"action_id\":{ACTION_ID_2},\"current_try\":1,\"previous_action_id\":{ACTION_ID_1}}}"
    },
    {
        "id": {LOG_ID_4},
        "task_id": {TASK_ID},
        "date": {
            "date": "2025-06-13 17:25:00.000000",
            "timezone_type": 3,
            "timezone": "UTC"
        },
        "level": "info",
        "type": "retrying",
        "entry": "{\"message\":\"Task {TASK_ID} retrying.\",\"context\":{\"class\":\"StellarWP\\\\Pigeon\\\\Tasks\\\\Email\",\"args\":[\"test@test.com\",\"subject\",\"body\",[],[]],\"action_id\":{ACTION_ID_2},\"current_try\":1}}"
    },
    {
        "id": {LOG_ID_5},
        "task_id": {TASK_ID},
        "date": {
            "date": "2025-06-13 17:25:00.000000",
            "timezone_type": 3,
            "timezone": "UTC"
        },
        "level": "info",
        "type": "finished",
        "entry": "{\"message\":\"Task {TASK_ID} finished.\",\"context\":{\"class\":\"StellarWP\\\\Pigeon\\\\Tasks\\\\Email\",\"args\":[\"test@test.com\",\"subject\",\"body\",[],[]],\"action_id\":{ACTION_ID_2},\"current_try\":1}}"
    }
]