[
    {
        "id": {LOG_ID_1},
        "task_id": {TASK_ID},
        "date": {
            "date": "2025-06-13 17:25:00.000000",
            "timezone_type": 3,
            "timezone": "UTC"
        },
        "level": "info",
        "type": "created",
        "entry": "{\"message\":\"Task {TASK_ID} created.\",\"context\":{\"class\":\"StellarWP\\\\Pigeon\\\\Tasks\\\\Email\",\"args\":[\"test@test.com\",\"subject\",\"body\",[\"Reply-To: dimi@test.com\"],[\"attachment.jpg\"]],\"action_id\":{ACTION_ID_1},\"current_try\":0}}"
    },
    {
        "id": {LOG_ID_2},
        "task_id": {TASK_ID},
        "date": {
            "date": "2025-06-13 17:25:00.000000",
            "timezone_type": 3,
            "timezone": "UTC"
        },
        "level": "info",
        "type": "started",
        "entry": "{\"message\":\"Task {TASK_ID} starting.\",\"context\":{\"class\":\"StellarWP\\\\Pigeon\\\\Tasks\\\\Email\",\"args\":[\"test@test.com\",\"subject\",\"body\",[\"Reply-To: dimi@test.com\"],[\"attachment.jpg\"]],\"action_id\":{ACTION_ID_1},\"current_try\":0}}"
    },
    {
        "id": {LOG_ID_3},
        "task_id": {TASK_ID},
        "date": {
            "date": "2025-06-13 17:25:00.000000",
            "timezone_type": 3,
            "timezone": "UTC"
        },
        "level": "notice",
        "type": "rescheduled",
        "entry": "{\"message\":\"Task {TASK_ID} rescheduled.\",\"context\":{\"class\":\"StellarWP\\\\Pigeon\\\\Tasks\\\\Email\",\"args\":[\"test@test.com\",\"subject\",\"body\",[\"Reply-To: dimi@test.com\"],[\"attachment.jpg\"]],\"action_id\":{ACTION_ID_2},\"current_try\":1,\"previous_action_id\":{ACTION_ID_1}}}"
    },
    {
        "id": {LOG_ID_4},
        "task_id": {TASK_ID},
        "date": {
            "date": "2025-06-13 17:25:00.000000",
            "timezone_type": 3,
            "timezone": "UTC"
        },
        "level": "info",
        "type": "retrying",
        "entry": "{\"message\":\"Task {TASK_ID} retrying.\",\"context\":{\"class\":\"StellarWP\\\\Pigeon\\\\Tasks\\\\Email\",\"args\":[\"test@test.com\",\"subject\",\"body\",[\"Reply-To: dimi@test.com\"],[\"attachment.jpg\"]],\"action_id\":{ACTION_ID_2},\"current_try\":1}}"
    },
    {
        "id": {LOG_ID_5},
        "task_id": {TASK_ID},
        "date": {
            "date": "2025-06-13 17:25:00.000000",
            "timezone_type": 3,
            "timezone": "UTC"
        },
        "level": "notice",
        "type": "rescheduled",
        "entry": "{\"message\":\"Task {TASK_ID} rescheduled.\",\"context\":{\"class\":\"StellarWP\\\\Pigeon\\\\Tasks\\\\Email\",\"args\":[\"test@test.com\",\"subject\",\"body\",[\"Reply-To: dimi@test.com\"],[\"attachment.jpg\"]],\"action_id\":{ACTION_ID_3},\"current_try\":2,\"previous_action_id\":{ACTION_ID_2}}}"
    },
    {
        "id": ,
        "task_id": {TASK_ID},
        "date": {
            "date": "2025-06-13 17:25:00.000000",
            "timezone_type": 3,
            "timezone": "UTC"
        },
        "level": "info",
        "type": "retrying",
        "entry": "{\"message\":\"Task {TASK_ID} retrying.\",\"context\":{\"class\":\"StellarWP\\\\Pigeon\\\\Tasks\\\\Email\",\"args\":[\"test@test.com\",\"subject\",\"body\",[\"Reply-To: dimi@test.com\"],[\"attachment.jpg\"]],\"action_id\":{ACTION_ID_3},\"current_try\":2}}"
    },
    {
        "id": ,
        "task_id": {TASK_ID},
        "date": {
            "date": "2025-06-13 17:25:00.000000",
            "timezone_type": 3,
            "timezone": "UTC"
        },
        "level": "notice",
        "type": "rescheduled",
        "entry": "{\"message\":\"Task {TASK_ID} rescheduled.\",\"context\":{\"class\":\"StellarWP\\\\Pigeon\\\\Tasks\\\\Email\",\"args\":[\"test@test.com\",\"subject\",\"body\",[\"Reply-To: dimi@test.com\"],[\"attachment.jpg\"]],\"action_id\":{ACTION_ID_4},\"current_try\":3,\"previous_action_id\":{ACTION_ID_3}}}"
    },
    {
        "id": ,
        "task_id": {TASK_ID},
        "date": {
            "date": "2025-06-13 17:25:00.000000",
            "timezone_type": 3,
            "timezone": "UTC"
        },
        "level": "info",
        "type": "retrying",
        "entry": "{\"message\":\"Task {TASK_ID} retrying.\",\"context\":{\"class\":\"StellarWP\\\\Pigeon\\\\Tasks\\\\Email\",\"args\":[\"test@test.com\",\"subject\",\"body\",[\"Reply-To: dimi@test.com\"],[\"attachment.jpg\"]],\"action_id\":{ACTION_ID_4},\"current_try\":3}}"
    },
    {
        "id": ,
        "task_id": {TASK_ID},
        "date": {
            "date": "2025-06-13 17:25:00.000000",
            "timezone_type": 3,
            "timezone": "UTC"
        },
        "level": "notice",
        "type": "rescheduled",
        "entry": "{\"message\":\"Task {TASK_ID} rescheduled.\",\"context\":{\"class\":\"StellarWP\\\\Pigeon\\\\Tasks\\\\Email\",\"args\":[\"test@test.com\",\"subject\",\"body\",[\"Reply-To: dimi@test.com\"],[\"attachment.jpg\"]],\"action_id\":{ACTION_ID_5},\"current_try\":4,\"previous_action_id\":{ACTION_ID_4}}}"
    },
    {
        "id": ,
        "task_id": {TASK_ID},
        "date": {
            "date": "2025-06-13 17:25:00.000000",
            "timezone_type": 3,
            "timezone": "UTC"
        },
        "level": "info",
        "type": "retrying",
        "entry": "{\"message\":\"Task {TASK_ID} retrying.\",\"context\":{\"class\":\"StellarWP\\\\Pigeon\\\\Tasks\\\\Email\",\"args\":[\"test@test.com\",\"subject\",\"body\",[\"Reply-To: dimi@test.com\"],[\"attachment.jpg\"]],\"action_id\":{ACTION_ID_5},\"current_try\":4}}"
    },
    {
        "id": ,
        "task_id": {TASK_ID},
        "date": {
            "date": "2025-06-13 17:25:00.000000",
            "timezone_type": 3,
            "timezone": "UTC"
        },
        "level": "error",
        "type": "failed",
        "entry": "{\"message\":\"Task {TASK_ID} failed.\",\"context\":{\"class\":\"StellarWP\\\\Pigeon\\\\Tasks\\\\Email\",\"args\":[\"test@test.com\",\"subject\",\"body\",[\"Reply-To: dimi@test.com\"],[\"attachment.jpg\"]],\"action_id\":{ACTION_ID_5},\"current_try\":4,\"exception\":\"Failed to send email.\"}}"
    }
]